Current date and time: 2023-07-06 11:05:45
slurmstepd-i51: error: *** JOB 11830058 ON i51 CANCELLED AT 2023-07-06T11:09:20 ***
