/rhome/yyang440/anaconda3/envs/nbodykit-env/bin/python
Current date and time: 2023-07-08 15:56:17
