/rhome/yyang440/anaconda3/envs/nbodykit-env/bin/python
Current date and time: 2023-07-06 18:34:54
/rhome/yyang440/anaconda3/envs/nbodykit-env/lib/python3.8/site-packages/scipy/__init__.py:146: UserWarning: A NumPy version >=1.16.5 and <1.23.0 is required for this version of SciPy (detected version 1.24.3
  warnings.warn(f"A NumPy version >={np_minversion} and <{np_maxversion}"
Importing simulationics, clusters... 2023-07-06 18:34:54.763246
Imported. 2023-07-06 18:34:54.763246 

Creating cluster_calss... 2023-07-06 18:34:54.763246
Done. 2023-07-06 18:34:54.763246
__init__: initializing parameters... 2023-07-06 18:35:11.464716
Warning:  /bigdata/birdlab/yyang440/test_sims/test-128-256-WDM-0000  is non-empty
__init__: done. 2023-07-06 18:35:11.525318 

Making simulation submission files, 2023-07-06 18:35:11.525381 

Generating the input file for CAMB...

cambfile: loading defaults... 2023-07-06 18:35:11.525397
cambfile: setting up massive neutrinos...
cambfile: generating the powerspec object...
cambfile: getting and saving the transfer functions...
cambfile: done. 2023-07-06 20:13:44.435976 

Running CAMB...

Changing the power spectrum file on disc...

Generating the GenIC parameters...

Generating Gadget makefile...

Generating Gadget parameter file...

Generate mpi_submit file...

Current date and time: 2023-07-06 20:13:45
