/rhome/yyang440/anaconda3/envs/nbodykit-env/bin/python
Current date and time: 2023-07-06 22:29:17
/rhome/yyang440/anaconda3/envs/nbodykit-env/lib/python3.8/site-packages/scipy/__init__.py:146: UserWarning: A NumPy version >=1.16.5 and <1.23.0 is required for this version of SciPy (detected version 1.24.3
  warnings.warn(f"A NumPy version >={np_minversion} and <{np_maxversion}"
Creating cluster_calss... 2023-07-06 22:29:18.090099
Done. 2023-07-06 22:29:18.090099
__init__: initializing parameters... 2023-07-06 22:29:24.125619
Warning:  /bigdata/birdlab/yyang440/test_sims/test_Part128_Box256_0000  is non-empty
__init__: done. 2023-07-06 22:29:24.157070 

Making simulation submission files, 2023-07-06 22:29:24.157093 

Generating the input file for CAMB...

cambfile: loading defaults... 2023-07-06 22:29:24.157101
cambfile: setting up massive neutrinos...
cambfile: generating the powerspec object...
cambfile: getting and saving the transfer functions...
cambfile: done. 2023-07-06 23:10:15.041892 

Running CAMB...

Changing the power spectrum file on disc...

Generating the GenIC parameters...

Generating Gadget makefile...

Generating Gadget parameter file...

Generate mpi_submit file...

Traceback (most recent call last):
  File "make_sim_sub.py", line 85, in <module>
    
AssertionError
Current date and time: 2023-07-06 23:10:15
