/rhome/yyang440/anaconda3/envs/nbodykit-env/bin/python
Current date and time: 2023-07-07 16:24:03
/rhome/yyang440/anaconda3/envs/nbodykit-env/lib/python3.8/site-packages/scipy/__init__.py:146: UserWarning: A NumPy version >=1.16.5 and <1.23.0 is required for this version of SciPy (detected version 1.24.3
  warnings.warn(f"A NumPy version >={np_minversion} and <{np_maxversion}"
Creating cluster_calss... 2023-07-07 16:24:03.819408
Done. 2023-07-07 16:24:03.819408
Output folder:  ~/bigdata/test_sims/test_Part128_Box256_0001
__init__: initializing parameters... 2023-07-07 16:24:22.560513
__init__: done. 2023-07-07 16:24:22.609758 

Making simulation submission files, 2023-07-07 16:24:22.609798 

Generating the input file for CAMB...

cambfile: loading defaults... 2023-07-07 16:24:22.609810
cambfile: setting up massive neutrinos...
cambfile: generating the powerspec object...
cambfile: getting and saving the transfer functions...
cambfile: done. 2023-07-07 17:25:16.645815 

Running CAMB...

Changing the power spectrum file on disc...

Generating the GenIC parameters...

Generating Gadget makefile...

Generating Gadget parameter file...

Generate mpi_submit file...

Current date and time: 2023-07-07 17:25:16
