/rhome/yyang440/anaconda3/envs/nbodykit-env/bin/python
Current date and time: 2023-07-08 12:04:56
slurmstepd-c25: error: *** JOB 11872245 ON c25 CANCELLED AT 2023-07-08T14:05:15 DUE TO TIME LIMIT ***
